subterranean_ref.c:19:6:byte_array_to_bit_array	3	static
subterranean_ref.c:36:6:bit_array_to_byte_array	7	static
subterranean_ref.c:54:6:subterranean_round	284	static
subterranean_ref.c:118:6:subterranean_init	3	static
subterranean_ref.c:129:6:subterranean_duplex	8	static
subterranean_ref.c:144:6:subterranean_extract	7	static
subterranean_ref.c:155:6:subterranean_blank	7	static
subterranean_ref.c:167:6:subterranean_squeeze	65	static
subterranean_ref.c:193:6:subterranean_absorb_unkeyed	69	static
subterranean_ref.c:221:6:subterranean_absorb_keyed	69	static
subterranean_ref.c:246:6:subterranean_absorb_encrypt	106	static
subterranean_ref.c:286:6:subterranean_absorb_decrypt	106	static
subterranean_ref.c:325:6:subterranean_xof_init	3	static
subterranean_ref.c:334:6:subterranean_xof_update	7	static
subterranean_ref.c:342:6:subterranean_xof_finalize	15	static
subterranean_ref.c:353:6:subterranean_xof_direct	282	static
subterranean_ref.c:369:6:subterranean_deck_init	15	static
subterranean_ref.c:380:6:subterranean_deck_update	7	static
subterranean_ref.c:388:6:subterranean_deck_finalize	7	static
subterranean_ref.c:399:6:subterranean_deck_direct	290	static
subterranean_ref.c:418:6:subterranean_SAE_start	27	static
subterranean_ref.c:433:5:subterranean_SAE_wrap_encrypt	31	static
subterranean_ref.c:449:5:subterranean_SAE_wrap_decrypt	44	static
subterranean_ref.c:484:5:subterranean_SAE_direct_encrypt	314	static
subterranean_ref.c:509:5:subterranean_SAE_direct_decrypt	318	static
